10.11.0.8 - - [23/Dec/2022:18:21:47 +0000] "GET /api/v1/extratos HTTP/1.1" 504 167 "-" "GuzzleHttp/6.5.5 curl/7.74.0 PHP/7.4.33"
10.11.0.8 - - [23/Dec/2022:18:21:50 +0000] "GET /api/v1/extratos HTTP/1.1" 200 10178 "-" "GuzzleHttp/6.5.5 curl/7.74.0 PHP/7.4.33"
10.11.0.9 - - [23/Dec/2022:18:23:09 +0000] "GET /api/v1/extratos HTTP/1.0" 200 749 "-" "PostmanRuntime/7.30.0"
10.11.0.9 - - [23/Dec/2022:18:23:35 +0000] "GET /api/v1/extratos HTTP/1.0" 200 5507 "-" "PostmanRuntime/7.30.0"
10.11.0.9 - - [23/Dec/2022:18:31:45 +0000] "GET /api/v1/extratos HTTP/1.0" 500 17480 "-" "PostmanRuntime/7.30.0"
10.11.0.9 - - [23/Dec/2022:18:32:11 +0000] "GET /api/v1/extratos HTTP/1.0" 500 17478 "-" "PostmanRuntime/7.30.0"
10.11.0.9 - - [23/Dec/2022:18:32:32 +0000] "GET /api/v1/extratos HTTP/1.0" 200 4395 "-" "PostmanRuntime/7.30.0"
10.11.0.9 - - [23/Dec/2022:18:33:39 +0000] "GET /api/v1/extratos HTTP/1.0" 200 5507 "-" "PostmanRuntime/7.30.0"
10.11.0.9 - - [23/Dec/2022:18:49:18 +0000] "GET /api/v1/extratos HTTP/1.0" 200 5507 "-" "PostmanRuntime/7.30.0"
10.11.0.9 - - [23/Dec/2022:18:51:57 +0000] "GET /api/v1/extratos HTTP/1.0" 200 5487 "-" "PostmanRuntime/7.30.0"
10.11.0.9 - - [23/Dec/2022:18:52:25 +0000] "GET /api/v1/extratos HTTP/1.0" 200 5487 "-" "PostmanRuntime/7.30.0"
10.11.0.9 - - [23/Dec/2022:18:53:15 +0000] "GET /api/v1/extratos HTTP/1.0" 200 5487 "-" "PostmanRuntime/7.30.0"
10.11.0.8 - - [23/Dec/2022:18:53:53 +0000] "GET /api/v1/emissor/carteira HTTP/1.1" 200 13878 "-" "GuzzleHttp/6.5.5 curl/7.74.0 PHP/7.4.33"
10.11.0.8 - - [23/Dec/2022:18:54:24 +0000] "GET /api/v1/extratos HTTP/1.1" 200 14337 "-" "GuzzleHttp/6.5.5 curl/7.74.0 PHP/7.4.33"
10.11.0.8 - - [23/Dec/2022:18:57:25 +0000] "GET /api/v1/extratos HTTP/1.1" 200 14337 "-" "GuzzleHttp/6.5.5 curl/7.74.0 PHP/7.4.33"
10.11.0.8 - - [23/Dec/2022:18:58:00 +0000] "GET /api/v1/extratos HTTP/1.1" 200 14337 "-" "GuzzleHttp/6.5.5 curl/7.74.0 PHP/7.4.33"
10.11.0.8 - - [23/Dec/2022:18:58:13 +0000] "GET /api/v1/extratos HTTP/1.1" 200 14337 "-" "GuzzleHttp/6.5.5 curl/7.74.0 PHP/7.4.33"
10.11.0.8 - - [23/Dec/2022:18:58:16 +0000] "GET /api/v1/extratos HTTP/1.1" 200 14170 "-" "GuzzleHttp/6.5.5 curl/7.74.0 PHP/7.4.33"
10.11.0.8 - - [23/Dec/2022:19:09:17 +0000] "GET /api/v1/extratos HTTP/1.1" 200 14172 "-" "GuzzleHttp/6.5.5 curl/7.74.0 PHP/7.4.33"
10.11.0.8 - - [23/Dec/2022:19:13:04 +0000] "GET /api/v1/extratos HTTP/1.1" 200 14339 "-" "GuzzleHttp/6.5.5 curl/7.74.0 PHP/7.4.33"
10.11.0.8 - - [23/Dec/2022:19:19:26 +0000] "GET /api/v1/extratos/buscarPorInvestidor?data_inicio=2022-12-01&data_fim=2022-12-31&investidor=12082841774 HTTP/1.1" 200 79 "-" "GuzzleHttp/6.5.5 curl/7.74.0 PHP/7.4.33"
10.11.0.8 - - [23/Dec/2022:19:21:26 +0000] "GET /api/v1/extratos/buscarPorInvestidor?data_inicio=2022-12-01&data_fim=2022-12-31&investidor=00360305000104 HTTP/1.1" 200 79 "-" "GuzzleHttp/6.5.5 curl/7.74.0 PHP/7.4.33"
10.11.0.8 - - [23/Dec/2022:19:29:41 +0000] "GET /api/v1/extratos/buscarPorInvestidor?investidor=12082841774&ativo=5013807&data_inicio=2022-12-01&data_fim=2022-12-31 HTTP/1.1" 200 79 "-" "GuzzleHttp/6.5.5 curl/7.74.0 PHP/7.4.33"
10.11.0.9 - - [23/Dec/2022:19:41:45 +0000] "GET /api/v1/extratos HTTP/1.0" 500 141 "-" "PostmanRuntime/7.30.0"
10.11.0.9 - - [23/Dec/2022:19:42:02 +0000] "GET /api/v1/extratos HTTP/1.0" 200 747 "-" "PostmanRuntime/7.30.0"
10.11.0.9 - - [23/Dec/2022:19:42:19 +0000] "GET /api/v1/extratos HTTP/1.0" 200 5487 "-" "PostmanRuntime/7.30.0"
10.11.0.9 - - [23/Dec/2022:19:44:53 +0000] "GET /api/v1/extratos/buscarPorInvestidor HTTP/1.0" 200 68 "-" "PostmanRuntime/7.30.0"
10.11.0.9 - - [23/Dec/2022:19:54:04 +0000] "GET /api/v1/extratos/buscarPorInvestidor HTTP/1.0" 200 68 "-" "PostmanRuntime/7.30.0"
10.11.0.9 - - [23/Dec/2022:19:54:23 +0000] "GET /api/v1/extratos/buscarPorInvestidor HTTP/1.0" 200 485 "-" "PostmanRuntime/7.30.0"
10.11.0.9 - - [23/Dec/2022:19:57:24 +0000] "GET /api/v1/extratos/buscarPorInvestidor HTTP/1.0" 500 143879 "-" "PostmanRuntime/7.30.0"
10.11.0.9 - - [23/Dec/2022:19:58:33 +0000] "GET /api/v1/extratos/buscarPorInvestidor HTTP/1.0" 200 485 "-" "PostmanRuntime/7.30.0"
10.11.0.8 - - [23/Dec/2022:20:00:15 +0000] "GET /api/v1/extratos/buscarPorInvestidor?investidor=30509213000104&ativo=5013807&data_inicio=2022-12-01&data_fim=2022-12-31&emissor%5B0%5D=39883874000170&emissor%5B1%5D=43616501000100&emissor%5B2%5D=44625694000128&emissor%5B3%5D=02332886000104&emissor%5B4%5D=35755232000134&emissor%5B5%5D=32000013000157&emissor%5B6%5D=20748515000181&emissor%5B7%5D=31823563000103&emissor%5B8%5D=34232046000158&emissor%5B9%5D=17588142000114 HTTP/1.1" 200 497 "-" "GuzzleHttp/6.5.5 curl/7.74.0 PHP/7.4.33"
10.11.0.8 - - [23/Dec/2022:20:03:08 +0000] "GET /api/v1/extratos/buscarPorInvestidor?investidor=30509213000104&ativo=5013807&data_inicio=2022-12-01&data_fim=2022-12-31&emissor%5B0%5D=39883874000170&emissor%5B1%5D=43616501000100&emissor%5B2%5D=44625694000128&emissor%5B3%5D=02332886000104&emissor%5B4%5D=35755232000134&emissor%5B5%5D=32000013000157&emissor%5B6%5D=20748515000181&emissor%5B7%5D=31823563000103&emissor%5B8%5D=34232046000158&emissor%5B9%5D=17588142000114 HTTP/1.1" 200 497 "-" "GuzzleHttp/6.5.5 curl/7.74.0 PHP/7.4.33"
10.11.0.8 - - [23/Dec/2022:20:04:08 +0000] "GET /api/v1/extratos/buscarPorInvestidor?investidor=30509213000104&ativo=5013807&data_inicio=2022-12-01&data_fim=2022-12-31&emissor%5B0%5D=39883874000170&emissor%5B1%5D=43616501000100&emissor%5B2%5D=44625694000128&emissor%5B3%5D=02332886000104&emissor%5B4%5D=35755232000134&emissor%5B5%5D=32000013000157&emissor%5B6%5D=20748515000181&emissor%5B7%5D=31823563000103&emissor%5B8%5D=34232046000158&emissor%5B9%5D=17588142000114 HTTP/1.1" 200 497 "-" "GuzzleHttp/6.5.5 curl/7.74.0 PHP/7.4.33"
10.11.0.8 - - [23/Dec/2022:20:04:32 +0000] "GET /api/v1/extratos/buscarPorInvestidor?investidor=30509213000104&ativo=5013807&data_inicio=2022-12-01&data_fim=2022-12-31&emissor%5B0%5D=39883874000170&emissor%5B1%5D=43616501000100&emissor%5B2%5D=44625694000128&emissor%5B3%5D=02332886000104&emissor%5B4%5D=35755232000134&emissor%5B5%5D=32000013000157&emissor%5B6%5D=20748515000181&emissor%5B7%5D=31823563000103&emissor%5B8%5D=34232046000158&emissor%5B9%5D=17588142000114 HTTP/1.1" 200 497 "-" "GuzzleHttp/6.5.5 curl/7.74.0 PHP/7.4.33"
10.11.0.9 - - [23/Dec/2022:20:06:39 +0000] "GET /api/v1/extratos/buscarPorInvestidor HTTP/1.0" 200 521 "-" "PostmanRuntime/7.30.0"
10.11.0.8 - - [23/Dec/2022:20:07:27 +0000] "GET /api/v1/extratos/buscarPorInvestidor?investidor=30509213000104&ativo=5013807&data_inicio=2022-12-01&data_fim=2022-12-31&emissor%5B0%5D=39883874000170&emissor%5B1%5D=43616501000100&emissor%5B2%5D=44625694000128&emissor%5B3%5D=02332886000104&emissor%5B4%5D=35755232000134&emissor%5B5%5D=32000013000157&emissor%5B6%5D=20748515000181&emissor%5B7%5D=31823563000103&emissor%5B8%5D=34232046000158&emissor%5B9%5D=17588142000114 HTTP/1.1" 200 533 "-" "GuzzleHttp/6.5.5 curl/7.74.0 PHP/7.4.33"
10.11.0.8 - - [23/Dec/2022:20:10:40 +0000] "GET /api/v1/extratos/buscarPorInvestidor?data_inicio=2022-12-01&data_fim=2022-12-31&investidor=12082841774 HTTP/1.1" 200 79 "-" "GuzzleHttp/6.5.5 curl/7.74.0 PHP/7.4.33"
10.11.0.8 - - [23/Dec/2022:20:11:09 +0000] "GET /api/v1/extratos/buscarPorInvestidor?data_inicio=2022-12-01&data_fim=2022-12-31&investidor=00645848875 HTTP/1.1" 200 79 "-" "GuzzleHttp/6.5.5 curl/7.74.0 PHP/7.4.33"
10.11.0.8 - - [23/Dec/2022:20:11:34 +0000] "GET /api/v1/extratos/buscarPorInvestidor?data_inicio=2022-12-01&data_fim=2022-12-31&investidor=00360305000104 HTTP/1.1" 200 79 "-" "GuzzleHttp/6.5.5 curl/7.74.0 PHP/7.4.33"
10.11.0.8 - - [23/Dec/2022:20:13:00 +0000] "GET /api/v1/extratos/buscarPorInvestidor?investidor%5B0%5D=00360305000104&investidor%5B1%5D=00645848875&investidor%5B2%5D=02859452000230&investidor%5B3%5D=09022388000104&investidor%5B4%5D=09620860000100&ativo=5013807&data_inicio=2022-12-01&data_fim=2022-12-31 HTTP/1.1" 500 4337 "-" "GuzzleHttp/6.5.5 curl/7.74.0 PHP/7.4.33"
10.11.0.8 - - [23/Dec/2022:20:13:18 +0000] "GET /api/v1/extratos/buscarPorInvestidor?investidor=30509213000104&ativo=5013807&data_inicio=2022-12-01&data_fim=2022-12-31&emissor%5B0%5D=39883874000170&emissor%5B1%5D=43616501000100&emissor%5B2%5D=44625694000128&emissor%5B3%5D=02332886000104&emissor%5B4%5D=35755232000134&emissor%5B5%5D=32000013000157&emissor%5B6%5D=20748515000181&emissor%5B7%5D=31823563000103&emissor%5B8%5D=34232046000158&emissor%5B9%5D=17588142000114 HTTP/1.1" 200 533 "-" "GuzzleHttp/6.5.5 curl/7.74.0 PHP/7.4.33"
10.11.0.3 - - [28/Dec/2022:15:45:00 +0000] "POST /api/v1/ativos/para-importar/init HTTP/1.0" 200 0 "-" "PostmanRuntime/7.30.0"
10.11.0.3 - - [28/Dec/2022:16:04:57 +0000] "GET /api/v1/emissor/carteira HTTP/1.0" 500 67 "-" "PostmanRuntime/7.30.0"
10.11.0.3 - - [28/Dec/2022:16:06:06 +0000] "GET /api/v1/emissor/carteira HTTP/1.0" 200 2213 "-" "PostmanRuntime/7.30.0"
10.11.0.3 - - [28/Dec/2022:16:27:59 +0000] "GET /api/v1/emissor/carteira HTTP/1.0" 200 2213 "-" "PostmanRuntime/7.30.0"
10.11.0.8 - - [28/Dec/2022:16:28:52 +0000] "GET /api/v1/emissor/carteira HTTP/1.1" 200 2225 "-" "GuzzleHttp/6.5.5 curl/7.74.0 PHP/7.4.33"
10.11.0.8 - - [28/Dec/2022:16:29:48 +0000] "GET /api/v1/emissor/carteira HTTP/1.1" 200 2225 "-" "GuzzleHttp/6.5.5 curl/7.74.0 PHP/7.4.33"
10.11.0.8 - - [28/Dec/2022:16:30:20 +0000] "GET /api/v1/emissor/carteira HTTP/1.1" 200 2225 "-" "GuzzleHttp/6.5.5 curl/7.74.0 PHP/7.4.33"
10.11.0.8 - - [28/Dec/2022:16:30:24 +0000] "GET /api/v1/emissor/carteira HTTP/1.1" 200 2225 "-" "GuzzleHttp/6.5.5 curl/7.74.0 PHP/7.4.33"
10.11.0.8 - - [28/Dec/2022:16:31:39 +0000] "GET /api/v1/extratos HTTP/1.1" 200 14337 "-" "GuzzleHttp/6.5.5 curl/7.74.0 PHP/7.4.33"
10.11.0.8 - - [28/Dec/2022:16:31:51 +0000] "GET /api/v1/extratos HTTP/1.1" 200 14337 "-" "GuzzleHttp/6.5.5 curl/7.74.0 PHP/7.4.33"
10.11.0.8 - - [28/Dec/2022:16:34:05 +0000] "GET /api/v1/extratos HTTP/1.1" 200 14337 "-" "GuzzleHttp/6.5.5 curl/7.74.0 PHP/7.4.33"
10.11.0.7 - - [29/Dec/2022:12:53:47 +0000] "POST /api/v1/ativos/para-importar/init HTTP/1.0" 200 0 "-" "PostmanRuntime/7.30.0"
10.11.0.7 - - [29/Dec/2022:12:59:00 +0000] "GET /api/v1/emissor/carteira HTTP/1.0" 200 1117 "-" "PostmanRuntime/7.30.0"
10.11.0.8 - - [29/Dec/2022:13:04:01 +0000] "GET /api/v1/emissor/carteira HTTP/1.1" 200 1129 "-" "GuzzleHttp/6.5.5 curl/7.74.0 PHP/7.4.33"
10.11.0.8 - - [29/Dec/2022:13:04:39 +0000] "GET /api/v1/extratos HTTP/1.1" 200 14337 "-" "GuzzleHttp/6.5.5 curl/7.74.0 PHP/7.4.33"
10.11.0.8 - - [29/Dec/2022:13:05:09 +0000] "GET /api/v1/emissor/carteira HTTP/1.1" 200 1129 "-" "GuzzleHttp/6.5.5 curl/7.74.0 PHP/7.4.33"
10.11.0.8 - - [29/Dec/2022:13:05:41 +0000] "GET /api/v1/extratos HTTP/1.1" 200 14337 "-" "GuzzleHttp/6.5.5 curl/7.74.0 PHP/7.4.33"
10.11.0.8 - - [29/Dec/2022:13:05:47 +0000] "GET /api/v1/extratos HTTP/1.1" 200 2604 "-" "GuzzleHttp/6.5.5 curl/7.74.0 PHP/7.4.33"
10.11.0.8 - - [29/Dec/2022:13:06:19 +0000] "GET /api/v1/extratos HTTP/1.1" 200 2604 "-" "GuzzleHttp/6.5.5 curl/7.74.0 PHP/7.4.33"
10.11.0.8 - - [29/Dec/2022:13:10:52 +0000] "GET /api/v1/emissor/carteira HTTP/1.1" 500 78 "-" "GuzzleHttp/6.5.5 curl/7.74.0 PHP/7.4.33"
10.11.0.8 - - [29/Dec/2022:13:10:54 +0000] "GET /api/v1/extratos HTTP/1.1" 200 2604 "-" "GuzzleHttp/6.5.5 curl/7.74.0 PHP/7.4.33"
10.11.0.8 - - [29/Dec/2022:13:16:53 +0000] "GET /api/v1/emissor/carteira HTTP/1.1" 500 78 "-" "GuzzleHttp/6.5.5 curl/7.74.0 PHP/7.4.33"
10.11.0.7 - - [29/Dec/2022:13:23:21 +0000] "GET /api/v1/emissor/carteira HTTP/1.0" 500 67 "-" "PostmanRuntime/7.30.0"
10.11.0.7 - - [29/Dec/2022:13:23:30 +0000] "GET /api/v1/emissor/carteira HTTP/1.0" 200 1117 "-" "PostmanRuntime/7.30.0"
10.11.0.7 - - [29/Dec/2022:13:24:54 +0000] "GET /api/v1/emissor/carteira HTTP/1.0" 500 17473 "-" "PostmanRuntime/7.30.0"
10.11.0.7 - - [29/Dec/2022:13:25:24 +0000] "GET /api/v1/emissor/carteira HTTP/1.0" 500 17342 "-" "PostmanRuntime/7.30.0"
10.11.0.7 - - [29/Dec/2022:13:25:33 +0000] "GET /api/v1/emissor/carteira HTTP/1.0" 500 17473 "-" "PostmanRuntime/7.30.0"
10.11.0.7 - - [29/Dec/2022:13:27:13 +0000] "GET /api/v1/emissor/carteira HTTP/1.0" 500 17475 "-" "PostmanRuntime/7.30.0"
10.11.0.7 - - [29/Dec/2022:13:27:42 +0000] "GET /api/v1/emissor/carteira HTTP/1.0" 500 17473 "-" "PostmanRuntime/7.30.0"
10.11.0.7 - - [29/Dec/2022:13:28:50 +0000] "GET /api/v1/emissor/carteira HTTP/1.0" 500 17475 "-" "PostmanRuntime/7.30.0"
10.11.0.7 - - [29/Dec/2022:13:29:19 +0000] "GET /api/v1/emissor/carteira HTTP/1.0" 500 17473 "-" "PostmanRuntime/7.30.0"
10.11.0.7 - - [29/Dec/2022:13:30:33 +0000] "GET /api/v1/emissor/carteira HTTP/1.0" 500 16932 "-" "PostmanRuntime/7.30.0"
10.11.0.7 - - [29/Dec/2022:13:31:51 +0000] "GET /api/v1/emissor/carteira HTTP/1.0" 500 17473 "-" "PostmanRuntime/7.30.0"
10.11.0.7 - - [29/Dec/2022:13:33:47 +0000] "GET /api/v1/emissor/carteira HTTP/1.0" 500 17342 "-" "PostmanRuntime/7.30.0"
10.11.0.7 - - [29/Dec/2022:13:35:40 +0000] "GET /api/v1/emissor/carteira HTTP/1.0" 200 2 "-" "PostmanRuntime/7.30.0"
10.11.0.7 - - [29/Dec/2022:13:37:29 +0000] "GET /api/v1/emissor/carteira HTTP/1.0" 500 17144 "-" "PostmanRuntime/7.30.0"
10.11.0.7 - - [29/Dec/2022:13:39:35 +0000] "GET /api/v1/emissor/carteira HTTP/1.0" 500 17142 "-" "PostmanRuntime/7.30.0"
10.11.0.7 - - [29/Dec/2022:13:39:48 +0000] "GET /api/v1/emissor/carteira HTTP/1.0" 500 19835 "-" "PostmanRuntime/7.30.0"
10.11.0.7 - - [29/Dec/2022:13:40:29 +0000] "GET /api/v1/emissor/carteira HTTP/1.0" 500 16938 "-" "PostmanRuntime/7.30.0"
10.11.0.7 - - [29/Dec/2022:13:40:39 +0000] "GET /api/v1/emissor/carteira HTTP/1.0" 200 2 "-" "PostmanRuntime/7.30.0"
10.11.0.7 - - [29/Dec/2022:13:41:40 +0000] "GET /api/v1/emissor/carteira HTTP/1.0" 200 530 "-" "PostmanRuntime/7.30.0"
10.11.0.8 - - [29/Dec/2022:13:43:07 +0000] "GET /api/v1/emissor/carteira HTTP/1.1" 500 17358 "-" "GuzzleHttp/6.5.5 curl/7.74.0 PHP/7.4.33"
10.11.0.8 - - [29/Dec/2022:13:46:39 +0000] "GET /api/v1/emissor/carteira HTTP/1.1" 200 542 "-" "GuzzleHttp/6.5.5 curl/7.74.0 PHP/7.4.33"
10.11.0.8 - - [29/Dec/2022:14:02:06 +0000] "GET /api/v1/emissor/carteira HTTP/1.1" 200 542 "-" "GuzzleHttp/6.5.5 curl/7.74.0 PHP/7.4.33"
10.11.0.8 - - [29/Dec/2022:14:02:06 +0000] "GET /api/v1/extratos HTTP/1.1" 200 2604 "-" "GuzzleHttp/6.5.5 curl/7.74.0 PHP/7.4.33"
10.11.0.8 - - [29/Dec/2022:14:06:43 +0000] "GET /api/v1/emissor/carteira HTTP/1.1" 200 542 "-" "GuzzleHttp/6.5.5 curl/7.74.0 PHP/7.4.33"
10.11.0.8 - - [29/Dec/2022:14:06:44 +0000] "GET /api/v1/extratos HTTP/1.1" 200 2604 "-" "GuzzleHttp/6.5.5 curl/7.74.0 PHP/7.4.33"
10.11.0.8 - - [29/Dec/2022:14:06:49 +0000] "GET /api/v1/ativos/total-de-investidores-por-tipo-e-depositaria HTTP/1.1" 200 786 "-" "GuzzleHttp/6.5.5 curl/7.74.0 PHP/7.4.33"
10.11.0.8 - - [29/Dec/2022:14:06:57 +0000] "GET /api/v1/ativos/variacao/cotas HTTP/1.1" 200 547 "-" "GuzzleHttp/6.5.5 curl/7.74.0 PHP/7.4.33"
10.11.0.8 - - [29/Dec/2022:14:07:05 +0000] "GET /api/v1/ativos/total-investidores-estado HTTP/1.1" 200 652 "-" "GuzzleHttp/6.5.5 curl/7.74.0 PHP/7.4.33"
10.11.0.8 - - [29/Dec/2022:14:09:33 +0000] "GET /api/v1/emissor/carteira HTTP/1.1" 200 1129 "-" "GuzzleHttp/6.5.5 curl/7.74.0 PHP/7.4.33"
10.11.0.8 - - [29/Dec/2022:14:09:49 +0000] "GET /api/v1/ativos/total-de-investidores-por-tipo-e-depositaria HTTP/1.1" 200 786 "-" "GuzzleHttp/6.5.5 curl/7.74.0 PHP/7.4.33"
10.11.0.8 - - [29/Dec/2022:14:10:01 +0000] "GET /api/v1/ativos/variacao/cotas HTTP/1.1" 200 547 "-" "GuzzleHttp/6.5.5 curl/7.74.0 PHP/7.4.33"
10.11.0.8 - - [29/Dec/2022:14:10:08 +0000] "GET /api/v1/ativos/total-investidores-estado HTTP/1.1" 200 652 "-" "GuzzleHttp/6.5.5 curl/7.74.0 PHP/7.4.33"
10.11.0.8 - - [29/Dec/2022:14:10:21 +0000] "GET /api/v1/emissor/carteira HTTP/1.1" 200 542 "-" "GuzzleHttp/6.5.5 curl/7.74.0 PHP/7.4.33"
10.11.0.8 - - [29/Dec/2022:14:10:23 +0000] "GET /api/v1/extratos HTTP/1.1" 200 2604 "-" "GuzzleHttp/6.5.5 curl/7.74.0 PHP/7.4.33"
10.11.0.8 - - [29/Dec/2022:14:12:34 +0000] "GET /api/v1/ativos/total-de-investidores-por-tipo-e-depositaria HTTP/1.1" 200 786 "-" "GuzzleHttp/6.5.5 curl/7.74.0 PHP/7.4.33"
10.11.0.8 - - [29/Dec/2022:14:12:44 +0000] "GET /api/v1/ativos/variacao/cotas HTTP/1.1" 200 547 "-" "GuzzleHttp/6.5.5 curl/7.74.0 PHP/7.4.33"
10.11.0.8 - - [29/Dec/2022:14:12:54 +0000] "GET /api/v1/ativos/total-investidores-estado HTTP/1.1" 200 652 "-" "GuzzleHttp/6.5.5 curl/7.74.0 PHP/7.4.33"
10.11.0.8 - - [29/Dec/2022:14:15:37 +0000] "GET /api/v1/emissor/carteira HTTP/1.1" 200 542 "-" "GuzzleHttp/6.5.5 curl/7.74.0 PHP/7.4.33"
10.11.0.8 - - [29/Dec/2022:14:15:39 +0000] "GET /api/v1/extratos HTTP/1.1" 200 2604 "-" "GuzzleHttp/6.5.5 curl/7.74.0 PHP/7.4.33"
10.11.0.8 - - [29/Dec/2022:14:19:52 +0000] "GET /api/v1/emissor/carteira HTTP/1.1" 200 542 "-" "GuzzleHttp/6.5.5 curl/7.74.0 PHP/7.4.33"
10.11.0.8 - - [29/Dec/2022:14:19:53 +0000] "GET /api/v1/extratos HTTP/1.1" 200 2604 "-" "GuzzleHttp/6.5.5 curl/7.74.0 PHP/7.4.33"
10.11.0.8 - - [29/Dec/2022:14:28:41 +0000] "GET /api/v1/ativos/total-de-investidores-por-tipo-e-depositaria HTTP/1.1" 200 786 "-" "GuzzleHttp/6.5.5 curl/7.74.0 PHP/7.4.33"
10.11.0.8 - - [29/Dec/2022:14:28:50 +0000] "GET /api/v1/ativos/variacao/cotas HTTP/1.1" 200 547 "-" "GuzzleHttp/6.5.5 curl/7.74.0 PHP/7.4.33"
10.11.0.8 - - [29/Dec/2022:14:28:59 +0000] "GET /api/v1/ativos/total-investidores-estado HTTP/1.1" 200 652 "-" "GuzzleHttp/6.5.5 curl/7.74.0 PHP/7.4.33"
10.11.0.2 - - [29/Dec/2022:18:51:12 +0000] "POST /api/v1/ativos/para-importar/init HTTP/1.0" 200 0 "-" "PostmanRuntime/7.30.0"
10.11.0.9 - - [29/Dec/2022:18:58:47 +0000] "GET /api/v1/emissor/carteira HTTP/1.1" 200 2225 "-" "GuzzleHttp/6.5.5 curl/7.74.0 PHP/7.4.33"
10.11.0.9 - - [29/Dec/2022:18:59:30 +0000] "GET /api/v1/emissor/carteira HTTP/1.1" 200 600 "-" "GuzzleHttp/6.5.5 curl/7.74.0 PHP/7.4.33"
10.11.0.9 - - [29/Dec/2022:18:59:30 +0000] "GET /api/v1/extratos HTTP/1.1" 200 14331 "-" "GuzzleHttp/6.5.5 curl/7.74.0 PHP/7.4.33"
10.11.0.9 - - [29/Dec/2022:18:59:48 +0000] "GET /api/v1/emissor/carteira HTTP/1.1" 200 558 "-" "GuzzleHttp/6.5.5 curl/7.74.0 PHP/7.4.33"
10.11.0.9 - - [29/Dec/2022:18:59:51 +0000] "GET /api/v1/extratos HTTP/1.1" 200 10951 "-" "GuzzleHttp/6.5.5 curl/7.74.0 PHP/7.4.33"
10.11.0.9 - - [29/Dec/2022:19:00:19 +0000] "GET /api/v1/emissor/carteira HTTP/1.1" 200 2225 "-" "GuzzleHttp/6.5.5 curl/7.74.0 PHP/7.4.33"
10.11.0.9 - - [29/Dec/2022:19:01:23 +0000] "GET /api/v1/extratos/buscarPorInvestidor?investidor=10168424819&ativo=19141&data_inicio=2022-12-01&data_fim=2022-12-23&emissor%5B0%5D=17588142000114&emissor%5B1%5D=31823563000103&emissor%5B2%5D=34232046000158&emissor%5B3%5D=20748515000181&emissor%5B4%5D=32000013000157&emissor%5B5%5D=35755232000134&emissor%5B6%5D=22802113000143&emissor%5B7%5D=35755232000134&emissor%5B8%5D=44625694000128&emissor%5B9%5D=19436424000121 HTTP/1.1" 200 79 "-" "GuzzleHttp/6.5.5 curl/7.74.0 PHP/7.4.33"
10.11.0.2 - - [29/Dec/2022:19:05:19 +0000] "GET /api/v1/extratos/buscarPorInvestidor?investidor=10168424819&ativo=19141&data_inicio=2022-12-01&data_fim=2022-12-23&emissor%5B0%5D=17588142000114&emissor%5B1%5D=31823563000103&emissor%5B2%5D=34232046000158&emissor%5B3%5D=20748515000181&emissor%5B4%5D=32000013000157&emissor%5B5%5D=35755232000134&emissor%5B6%5D=22802113000143&emissor%5B7%5D=35755232000134&emissor%5B8%5D=44625694000128&emissor%5B9%5D=19436424000121 HTTP/1.0" 200 68 "-" "Mozilla/5.0 (Windows NT 10.0; Win64; x64) AppleWebKit/537.36 (KHTML, like Gecko) Chrome/107.0.0.0 Safari/537.36 OPR/93.0.0.0 (Edition std-1)"
10.11.0.2 - - [29/Dec/2022:19:07:05 +0000] "GET /api/v1/extratos/buscarPorInvestidor?investidor=10168424819&ativo=19141&data_inicio=2022-12-01&data_fim=2022-12-23&emissor%5B0%5D=17588142000114&emissor%5B1%5D=31823563000103&emissor%5B2%5D=34232046000158&emissor%5B3%5D=20748515000181&emissor%5B4%5D=32000013000157&emissor%5B5%5D=35755232000134&emissor%5B6%5D=22802113000143&emissor%5B7%5D=35755232000134&emissor%5B8%5D=44625694000128&emissor%5B9%5D=19436424000121 HTTP/1.0" 500 17234 "-" "Mozilla/5.0 (Windows NT 10.0; Win64; x64) AppleWebKit/537.36 (KHTML, like Gecko) Chrome/107.0.0.0 Safari/537.36 OPR/93.0.0.0 (Edition std-1)"
10.11.0.2 - - [29/Dec/2022:19:07:10 +0000] "GET /favicon.ico HTTP/1.0" 404 81345 "http://api-investidor.localhost/api/v1/extratos/buscarPorInvestidor?investidor=10168424819&ativo=19141&data_inicio=2022-12-01&data_fim=2022-12-23&emissor%5B0%5D=17588142000114&emissor%5B1%5D=31823563000103&emissor%5B2%5D=34232046000158&emissor%5B3%5D=20748515000181&emissor%5B4%5D=32000013000157&emissor%5B5%5D=35755232000134&emissor%5B6%5D=22802113000143&emissor%5B7%5D=35755232000134&emissor%5B8%5D=44625694000128&emissor%5B9%5D=19436424000121" "Mozilla/5.0 (Windows NT 10.0; Win64; x64) AppleWebKit/537.36 (KHTML, like Gecko) Chrome/107.0.0.0 Safari/537.36 OPR/93.0.0.0 (Edition std-1)"
10.11.0.2 - - [29/Dec/2022:19:07:56 +0000] "GET /api/v1/extratos/buscarPorInvestidor?investidor=10168424819&ativo=19141&data_inicio=2022-12-01&data_fim=2022-12-23&emissor%5B0%5D=17588142000114&emissor%5B1%5D=31823563000103&emissor%5B2%5D=34232046000158&emissor%5B3%5D=20748515000181&emissor%5B4%5D=32000013000157&emissor%5B5%5D=35755232000134&emissor%5B6%5D=22802113000143&emissor%5B7%5D=35755232000134&emissor%5B8%5D=44625694000128&emissor%5B9%5D=19436424000121 HTTP/1.0" 500 16875 "-" "Mozilla/5.0 (Windows NT 10.0; Win64; x64) AppleWebKit/537.36 (KHTML, like Gecko) Chrome/107.0.0.0 Safari/537.36 OPR/93.0.0.0 (Edition std-1)"
10.11.0.2 - - [29/Dec/2022:19:08:35 +0000] "GET /api/v1/extratos/buscarPorInvestidor?investidor=10168424819&ativo=19141&data_inicio=2022-12-01&data_fim=2022-12-23&emissor%5B0%5D=17588142000114&emissor%5B1%5D=31823563000103&emissor%5B2%5D=34232046000158&emissor%5B3%5D=20748515000181&emissor%5B4%5D=32000013000157&emissor%5B5%5D=35755232000134&emissor%5B6%5D=22802113000143&emissor%5B7%5D=35755232000134&emissor%5B8%5D=44625694000128&emissor%5B9%5D=19436424000121 HTTP/1.0" 500 16875 "-" "Mozilla/5.0 (Windows NT 10.0; Win64; x64) AppleWebKit/537.36 (KHTML, like Gecko) Chrome/107.0.0.0 Safari/537.36 OPR/93.0.0.0 (Edition std-1)"
10.11.0.9 - - [29/Dec/2022:19:08:51 +0000] "GET /api/v1/extratos/buscarPorInvestidor HTTP/1.1" 500 16903 "-" "GuzzleHttp/6.5.5 curl/7.74.0 PHP/7.4.33"
10.11.0.2 - - [29/Dec/2022:19:10:14 +0000] "GET /api/v1/extratos/buscarPorInvestidor HTTP/1.0" 500 16873 "-" "PostmanRuntime/7.30.0"
10.11.0.2 - - [29/Dec/2022:19:11:22 +0000] "GET /api/v1/extratos/buscarPorInvestidor HTTP/1.0" 500 16934 "-" "PostmanRuntime/7.30.0"
10.11.0.2 - - [29/Dec/2022:19:11:41 +0000] "GET /api/v1/extratos/buscarPorInvestidor HTTP/1.0" 500 18312 "-" "PostmanRuntime/7.30.0"
10.11.0.2 - - [29/Dec/2022:19:12:18 +0000] "GET /api/v1/extratos/buscarPorInvestidor HTTP/1.0" 500 18064 "-" "PostmanRuntime/7.30.0"
10.11.0.2 - - [29/Dec/2022:19:12:58 +0000] "GET /api/v1/extratos/buscarPorInvestidor?investidor=10168424819&ativo=19141&data_inicio=2022-12-01&data_fim=2022-12-23&emissor%5B0%5D=17588142000114&emissor%5B1%5D=31823563000103&emissor%5B2%5D=34232046000158&emissor%5B3%5D=20748515000181&emissor%5B4%5D=32000013000157&emissor%5B5%5D=35755232000134&emissor%5B6%5D=22802113000143&emissor%5B7%5D=35755232000134&emissor%5B8%5D=44625694000128&emissor%5B9%5D=19436424000121 HTTP/1.0" 500 18064 "-" "Mozilla/5.0 (Windows NT 10.0; Win64; x64) AppleWebKit/537.36 (KHTML, like Gecko) Chrome/107.0.0.0 Safari/537.36 OPR/93.0.0.0 (Edition std-1)"
10.11.0.2 - - [29/Dec/2022:19:13:20 +0000] "GET /api/v1/extratos/buscarPorInvestidor?investidor=10168424819&ativo=19141&data_inicio=2022-12-01&data_fim=2022-12-23&emissor%5B0%5D=17588142000114&emissor%5B1%5D=31823563000103&emissor%5B2%5D=34232046000158&emissor%5B3%5D=20748515000181&emissor%5B4%5D=32000013000157&emissor%5B5%5D=35755232000134&emissor%5B6%5D=22802113000143&emissor%5B7%5D=35755232000134&emissor%5B8%5D=44625694000128&emissor%5B9%5D=19436424000121 HTTP/1.0" 500 16875 "-" "Mozilla/5.0 (Windows NT 10.0; Win64; x64) AppleWebKit/537.36 (KHTML, like Gecko) Chrome/107.0.0.0 Safari/537.36 OPR/93.0.0.0 (Edition std-1)"
10.11.0.2 - - [29/Dec/2022:19:14:29 +0000] "GET /api/v1/extratos/buscarPorInvestidor?investidor=10168424819&ativo=19141&data_inicio=2022-12-01&data_fim=2022-12-23&emissor%5B0%5D=17588142000114&emissor%5B1%5D=31823563000103&emissor%5B2%5D=34232046000158&emissor%5B3%5D=20748515000181&emissor%5B4%5D=32000013000157&emissor%5B5%5D=35755232000134&emissor%5B6%5D=22802113000143&emissor%5B7%5D=35755232000134&emissor%5B8%5D=44625694000128&emissor%5B9%5D=19436424000121 HTTP/1.0" 500 16873 "-" "Mozilla/5.0 (Windows NT 10.0; Win64; x64) AppleWebKit/537.36 (KHTML, like Gecko) Chrome/107.0.0.0 Safari/537.36 OPR/93.0.0.0 (Edition std-1)"
10.11.0.2 - - [29/Dec/2022:19:14:47 +0000] "GET /api/v1/extratos/buscarPorInvestidor?investidor=10168424819&ativo=19141&data_inicio=2022-12-01&data_fim=2022-12-23&emissor%5B0%5D=17588142000114&emissor%5B1%5D=31823563000103&emissor%5B2%5D=34232046000158&emissor%5B3%5D=20748515000181&emissor%5B4%5D=32000013000157&emissor%5B5%5D=35755232000134&emissor%5B6%5D=22802113000143&emissor%5B7%5D=35755232000134&emissor%5B8%5D=44625694000128&emissor%5B9%5D=19436424000121 HTTP/1.0" 200 569 "-" "Mozilla/5.0 (Windows NT 10.0; Win64; x64) AppleWebKit/537.36 (KHTML, like Gecko) Chrome/107.0.0.0 Safari/537.36 OPR/93.0.0.0 (Edition std-1)"
10.11.0.9 - - [29/Dec/2022:19:15:30 +0000] "GET /api/v1/extratos/buscarPorInvestidor?investidor=10168424819&ativo=19141&data_inicio=2022-12-01&data_fim=2022-12-23&emissor%5B0%5D=17588142000114&emissor%5B1%5D=31823563000103&emissor%5B2%5D=34232046000158&emissor%5B3%5D=20748515000181&emissor%5B4%5D=32000013000157&emissor%5B5%5D=35755232000134&emissor%5B6%5D=22802113000143&emissor%5B7%5D=35755232000134&emissor%5B8%5D=44625694000128&emissor%5B9%5D=19436424000121 HTTP/1.1" 200 581 "-" "GuzzleHttp/6.5.5 curl/7.74.0 PHP/7.4.33"
10.11.0.9 - - [29/Dec/2022:19:16:05 +0000] "GET /api/v1/extratos HTTP/1.1" 200 645 "-" "GuzzleHttp/6.5.5 curl/7.74.0 PHP/7.4.33"
10.11.0.9 - - [29/Dec/2022:19:16:27 +0000] "GET /api/v1/extratos HTTP/1.1" 200 10951 "-" "GuzzleHttp/6.5.5 curl/7.74.0 PHP/7.4.33"
10.11.0.9 - - [29/Dec/2022:19:17:40 +0000] "GET /api/v1/extratos HTTP/1.1" 200 645 "-" "GuzzleHttp/6.5.5 curl/7.74.0 PHP/7.4.33"
10.11.0.9 - - [29/Dec/2022:19:18:56 +0000] "GET /api/v1/extratos HTTP/1.1" 200 645 "-" "GuzzleHttp/6.5.5 curl/7.74.0 PHP/7.4.33"
10.11.0.9 - - [29/Dec/2022:19:19:14 +0000] "GET /api/v1/extratos HTTP/1.1" 200 10951 "-" "GuzzleHttp/6.5.5 curl/7.74.0 PHP/7.4.33"
10.11.0.9 - - [29/Dec/2022:19:24:56 +0000] "GET /api/v1/emissor/carteira HTTP/1.1" 200 2225 "-" "GuzzleHttp/6.5.5 curl/7.74.0 PHP/7.4.33"
10.11.0.9 - - [29/Dec/2022:19:25:33 +0000] "GET /api/v1/extratos HTTP/1.1" 200 10951 "-" "GuzzleHttp/6.5.5 curl/7.74.0 PHP/7.4.33"
10.11.0.9 - - [29/Dec/2022:19:34:43 +0000] "GET /api/v1/emissor/carteira HTTP/1.1" 200 2225 "-" "GuzzleHttp/6.5.5 curl/7.74.0 PHP/7.4.33"
10.11.0.9 - - [29/Dec/2022:19:36:11 +0000] "GET /api/v1/emissor/carteira HTTP/1.1" 200 2225 "-" "GuzzleHttp/6.5.5 curl/7.74.0 PHP/7.4.33"
10.11.0.9 - - [29/Dec/2022:19:36:38 +0000] "GET /api/v1/emissor/carteira HTTP/1.1" 200 558 "-" "GuzzleHttp/6.5.5 curl/7.74.0 PHP/7.4.33"
10.11.0.9 - - [29/Dec/2022:19:37:29 +0000] "GET /api/v1/emissor/carteira HTTP/1.1" 200 2225 "-" "GuzzleHttp/6.5.5 curl/7.74.0 PHP/7.4.33"
10.11.0.9 - - [29/Dec/2022:20:01:25 +0000] "GET /api/v1/emissor/carteira HTTP/1.1" 200 2225 "-" "GuzzleHttp/6.5.5 curl/7.74.0 PHP/7.4.33"
10.11.0.5 - - [02/Jan/2023:15:58:28 +0000] "GET /api/v1/god_mod/extratos_importar?data_inicial=2022-12-16&data_final=2022-12-16&emissores=17.588.142/0001-14,31.823.563/0001-03,34.232.046/0001-58,20.748.515/0001-81,32.000.013/0001-57,35.755.232/0001-34,22.802.113/0001-43,35.755.232/0001-34,44.625.694/0001-28,19.436.424/0001-21 HTTP/1.0" 200 1 "-" "PostmanRuntime/7.30.0"
10.11.0.5 - - [02/Jan/2023:16:02:54 +0000] "GET /api/v1/god_mod/extratos_importar?data_inicial=2022-12-16&data_final=2022-12-16&emissores=17.588.142/0001-14,31.823.563/0001-03,34.232.046/0001-58,20.748.515/0001-81,32.000.013/0001-57,35.755.232/0001-34,22.802.113/0001-43,35.755.232/0001-34,44.625.694/0001-28,19.436.424/0001-21 HTTP/1.0" 200 1 "-" "PostmanRuntime/7.30.0"
10.11.0.5 - - [02/Jan/2023:16:05:19 +0000] "GET /api/v1/god_mod/extratos_importar?data_inicial=2022-12-16&data_final=2022-12-16&emissores=17.588.142/0001-14,31.823.563/0001-03,34.232.046/0001-58,20.748.515/0001-81,32.000.013/0001-57,35.755.232/0001-34,22.802.113/0001-43,35.755.232/0001-34,44.625.694/0001-28,19.436.424/0001-21 HTTP/1.0" 200 1 "-" "PostmanRuntime/7.30.0"
10.11.0.5 - - [02/Jan/2023:16:20:48 +0000] "GET /api/v1/extratos/buscarPorInvestidor HTTP/1.0" 200 68 "-" "PostmanRuntime/7.30.0"
10.11.0.3 - - [24/Jan/2023:16:40:11 +0000] "GET /api/v1/god_mod/extratos_importar_totvs?sem_consolidar=true&data_inicial=2023-01-20&data_final=2023-01-20 HTTP/1.0" 200 1 "-" "PostmanRuntime/7.30.0"
10.11.0.3 - - [24/Jan/2023:16:41:21 +0000] "POST /api/v1/ativos/para-importar/init HTTP/1.0" 200 0 "-" "PostmanRuntime/7.30.0"
10.11.0.3 - - [24/Jan/2023:16:41:33 +0000] "GET /api/v1/god_mod/extratos_importar_totvs?sem_consolidar=true&data_inicial=2023-01-20&data_final=2023-01-20 HTTP/1.0" 200 1 "-" "PostmanRuntime/7.30.0"
10.11.0.3 - - [24/Jan/2023:19:27:42 +0000] "POST /api/v1/ativos/para-importar/criar HTTP/1.0" 200 1 "-" "PostmanRuntime/7.30.0"
10.11.0.3 - - [24/Jan/2023:19:30:21 +0000] "GET /api/v1/god_mod/extratos_importar_totvs?sem_consolidar=true&data_inicial=2022-12-21&data_final=2022-12-21 HTTP/1.0" 200 1 "-" "PostmanRuntime/7.30.0"
10.11.0.3 - - [27/Jan/2023:15:12:01 +0000] "POST /api/v1/ativos/para-importar/init HTTP/1.0" 200 0 "-" "PostmanRuntime/7.30.0"
10.11.0.3 - - [27/Jan/2023:15:13:15 +0000] "GET /api/v1/god_mod/extratos_importar_totvs?sem_consolidar=true&data_inicial=2022-12-21&data_final=2022-12-21 HTTP/1.0" 499 0 "-" "PostmanRuntime/7.30.0"
10.11.0.3 - - [27/Jan/2023:15:13:37 +0000] "GET /api/v1/god_mod/extratos_importar_totvs?sem_consolidar=false&data_inicial=2022-12-21&data_final=2022-12-21 HTTP/1.0" 200 1 "-" "PostmanRuntime/7.30.0"
10.11.0.3 - - [27/Jan/2023:15:19:09 +0000] "GET /api/v1/emissor/carteira HTTP/1.0" 200 1133 "-" "PostmanRuntime/7.30.0"
10.11.0.7 - - [27/Jan/2023:15:22:30 +0000] "GET /api/v1/emissor/carteira HTTP/1.1" 200 1145 "-" "GuzzleHttp/6.5.5 curl/7.74.0 PHP/7.4.33"
10.11.0.7 - - [27/Jan/2023:15:22:57 +0000] "GET /api/v1/emissor/carteira HTTP/1.1" 200 1145 "-" "GuzzleHttp/6.5.5 curl/7.74.0 PHP/7.4.33"
10.11.0.7 - - [27/Jan/2023:15:23:19 +0000] "GET /api/v1/emissor/carteira HTTP/1.1" 200 558 "-" "GuzzleHttp/6.5.5 curl/7.74.0 PHP/7.4.33"
10.11.0.7 - - [27/Jan/2023:15:23:20 +0000] "GET /api/v1/extratos HTTP/1.1" 200 10951 "-" "GuzzleHttp/6.5.5 curl/7.74.0 PHP/7.4.33"
10.11.0.7 - - [27/Jan/2023:15:23:35 +0000] "GET /api/v1/extratos/buscarPorInvestidor?investidor=10168424819&ativo=19141&data_inicio=2022-12-01&data_fim=2022-12-21&emissor%5B0%5D=39883874000170&emissor%5B1%5D=43616501000100&emissor%5B2%5D=44625694000128&emissor%5B3%5D=02332886000104&emissor%5B4%5D=35755232000134&emissor%5B5%5D=32000013000157&emissor%5B6%5D=20748515000181&emissor%5B7%5D=31823563000103&emissor%5B8%5D=34232046000158&emissor%5B9%5D=17588142000114 HTTP/1.1" 200 556 "-" "GuzzleHttp/6.5.5 curl/7.74.0 PHP/7.4.33"
10.11.0.3 - - [27/Jan/2023:15:26:53 +0000] "GET /api/v1/god_mod/extratos_importar?data_inicial=2022-12-21&data_final=2022-12-21&emissores=39.883.874/0001-70,43.616.501/0001-00,44.625.694/0001-28,02.332.886/0001-04,35.755.232/0001-34,32.000.013/0001-57,20.748.515/0001-81,31.823.563/0001-03,34.232.046/0001-58,17.588.142/0001-14%0A HTTP/1.0" 200 1 "-" "PostmanRuntime/7.30.0"
10.11.0.7 - - [27/Jan/2023:15:46:22 +0000] "GET /api/v1/emissor/carteira HTTP/1.1" 200 2303 "-" "GuzzleHttp/6.5.5 curl/7.74.0 PHP/7.4.33"
10.11.0.7 - - [27/Jan/2023:15:47:15 +0000] "GET /api/v1/emissor/carteira HTTP/1.1" 200 600 "-" "GuzzleHttp/6.5.5 curl/7.74.0 PHP/7.4.33"
10.11.0.7 - - [27/Jan/2023:15:47:15 +0000] "GET /api/v1/emissor/carteira HTTP/1.1" 200 558 "-" "GuzzleHttp/6.5.5 curl/7.74.0 PHP/7.4.33"
10.11.0.7 - - [27/Jan/2023:15:47:15 +0000] "GET /api/v1/extratos HTTP/1.1" 200 14331 "-" "GuzzleHttp/6.5.5 curl/7.74.0 PHP/7.4.33"
10.11.0.7 - - [27/Jan/2023:15:47:21 +0000] "GET /api/v1/extratos HTTP/1.1" 200 10951 "-" "GuzzleHttp/6.5.5 curl/7.74.0 PHP/7.4.33"
10.11.0.7 - - [27/Jan/2023:15:47:27 +0000] "GET /api/v1/emissor/carteira HTTP/1.1" 200 579 "-" "GuzzleHttp/6.5.5 curl/7.74.0 PHP/7.4.33"
10.11.0.7 - - [27/Jan/2023:15:47:31 +0000] "GET /api/v1/extratos HTTP/1.1" 200 10178 "-" "GuzzleHttp/6.5.5 curl/7.74.0 PHP/7.4.33"
10.11.0.7 - - [27/Jan/2023:15:47:35 +0000] "GET /api/v1/extratos/buscarPorInvestidor?investidor=30509213000104&ativo=5013807&data_inicio=2022-12-01&data_fim=2022-12-21&emissor%5B0%5D=39883874000170&emissor%5B1%5D=43616501000100&emissor%5B2%5D=44625694000128&emissor%5B3%5D=02332886000104&emissor%5B4%5D=35755232000134&emissor%5B5%5D=32000013000157&emissor%5B6%5D=20748515000181&emissor%5B7%5D=31823563000103&emissor%5B8%5D=34232046000158&emissor%5B9%5D=17588142000114 HTTP/1.1" 200 533 "-" "GuzzleHttp/6.5.5 curl/7.74.0 PHP/7.4.33"
10.11.0.7 - - [27/Jan/2023:15:47:35 +0000] "GET /api/v1/emissor/carteira HTTP/1.1" 200 605 "-" "GuzzleHttp/6.5.5 curl/7.74.0 PHP/7.4.33"
10.11.0.7 - - [27/Jan/2023:15:47:44 +0000] "GET /api/v1/extratos HTTP/1.1" 200 14339 "-" "GuzzleHttp/6.5.5 curl/7.74.0 PHP/7.4.33"
10.11.0.7 - - [27/Jan/2023:15:48:06 +0000] "GET /api/v1/extratos/buscarPorInvestidor?investidor=10168424819&ativo=19141&data_inicio=2022-12-01&data_fim=2022-12-21&emissor%5B0%5D=39883874000170&emissor%5B1%5D=43616501000100&emissor%5B2%5D=44625694000128&emissor%5B3%5D=02332886000104&emissor%5B4%5D=35755232000134&emissor%5B5%5D=32000013000157&emissor%5B6%5D=20748515000181&emissor%5B7%5D=31823563000103&emissor%5B8%5D=34232046000158&emissor%5B9%5D=17588142000114 HTTP/1.1" 200 556 "-" "GuzzleHttp/6.5.5 curl/7.74.0 PHP/7.4.33"
10.11.0.7 - - [27/Jan/2023:15:48:26 +0000] "GET /api/v1/extratos/buscarPorInvestidor?investidor=09327472000128&ativo=5004814&data_inicio=2022-12-01&data_fim=2022-12-21&emissor%5B0%5D=39883874000170&emissor%5B1%5D=43616501000100&emissor%5B2%5D=44625694000128&emissor%5B3%5D=02332886000104&emissor%5B4%5D=35755232000134&emissor%5B5%5D=32000013000157&emissor%5B6%5D=20748515000181&emissor%5B7%5D=31823563000103&emissor%5B8%5D=34232046000158&emissor%5B9%5D=17588142000114 HTTP/1.1" 200 588 "-" "GuzzleHttp/6.5.5 curl/7.74.0 PHP/7.4.33"
10.11.0.7 - - [27/Jan/2023:15:48:49 +0000] "GET /api/v1/extratos/buscarPorInvestidor?investidor=30244200000150&ativo=5001207&data_inicio=2022-12-01&data_fim=2022-12-21&emissor%5B0%5D=39883874000170&emissor%5B1%5D=43616501000100&emissor%5B2%5D=44625694000128&emissor%5B3%5D=02332886000104&emissor%5B4%5D=35755232000134&emissor%5B5%5D=32000013000157&emissor%5B6%5D=20748515000181&emissor%5B7%5D=31823563000103&emissor%5B8%5D=34232046000158&emissor%5B9%5D=17588142000114 HTTP/1.1" 200 543 "-" "GuzzleHttp/6.5.5 curl/7.74.0 PHP/7.4.33"
10.11.0.3 - - [27/Jan/2023:15:50:52 +0000] "GET /api/v1/god_mod/extratos_importar?data_inicial=2022-12-21&data_final=2022-12-21&emissores=39.883.874/0001-70,43.616.501/0001-00,44.625.694/0001-28,02.332.886/0001-04,35.755.232/0001-34,32.000.013/0001-57,20.748.515/0001-81,31.823.563/0001-03,34.232.046/0001-58,17.588.142/0001-14%0A HTTP/1.0" 200 1 "-" "PostmanRuntime/7.30.0"
10.11.0.7 - - [27/Jan/2023:15:53:06 +0000] "GET /api/v1/emissor/carteira HTTP/1.1" 200 13826 "-" "GuzzleHttp/6.5.5 curl/7.74.0 PHP/7.4.33"
10.11.0.3 - - [27/Jan/2023:15:54:24 +0000] "GET /api/v1/god_mod/extratos_importar?data_inicial=2022-12-21&data_final=2022-12-21&emissores=17.588.142/0001-14,31.823.563/0001-03,34.232.046/0001-58,20.748.515/0001-81,32.000.013/0001-57,35.755.232/0001-34,22.802.113/0001-43,35.755.232/0001-34,44.625.694/0001-28,19.436.424/0001-21 HTTP/1.0" 200 1 "-" "PostmanRuntime/7.30.0"
10.11.0.7 - - [27/Jan/2023:15:57:59 +0000] "GET /api/v1/emissor/carteira HTTP/1.1" 200 15365 "-" "GuzzleHttp/6.5.5 curl/7.74.0 PHP/7.4.33"
10.11.0.7 - - [27/Jan/2023:15:58:25 +0000] "GET /api/v1/emissor/carteira HTTP/1.1" 200 542 "-" "GuzzleHttp/6.5.5 curl/7.74.0 PHP/7.4.33"
10.11.0.7 - - [27/Jan/2023:15:58:25 +0000] "GET /api/v1/extratos HTTP/1.1" 500 124 "-" "GuzzleHttp/6.5.5 curl/7.74.0 PHP/7.4.33"
10.11.0.7 - - [27/Jan/2023:15:59:06 +0000] "GET /api/v1/emissor/carteira HTTP/1.1" 200 15365 "-" "GuzzleHttp/6.5.5 curl/7.74.0 PHP/7.4.33"
10.11.0.7 - - [27/Jan/2023:15:59:30 +0000] "GET /api/v1/extratos HTTP/1.1" 500 124 "-" "GuzzleHttp/6.5.5 curl/7.74.0 PHP/7.4.33"
10.11.0.7 - - [27/Jan/2023:15:59:30 +0000] "GET /api/v1/emissor/carteira HTTP/1.1" 200 542 "-" "GuzzleHttp/6.5.5 curl/7.74.0 PHP/7.4.33"
10.11.0.7 - - [27/Jan/2023:15:59:34 +0000] "GET /api/v1/extratos HTTP/1.1" 200 14331 "-" "GuzzleHttp/6.5.5 curl/7.74.0 PHP/7.4.33"
10.11.0.7 - - [27/Jan/2023:15:59:39 +0000] "GET /api/v1/emissor/carteira HTTP/1.1" 200 600 "-" "GuzzleHttp/6.5.5 curl/7.74.0 PHP/7.4.33"
10.11.0.7 - - [27/Jan/2023:16:00:10 +0000] "GET /api/v1/emissor/carteira HTTP/1.1" 200 542 "-" "GuzzleHttp/6.5.5 curl/7.74.0 PHP/7.4.33"
10.11.0.7 - - [27/Jan/2023:16:00:13 +0000] "GET /api/v1/extratos HTTP/1.1" 500 124 "-" "GuzzleHttp/6.5.5 curl/7.74.0 PHP/7.4.33"
10.11.0.7 - - [27/Jan/2023:16:00:16 +0000] "GET /api/v1/extratos HTTP/1.1" 200 14331 "-" "GuzzleHttp/6.5.5 curl/7.74.0 PHP/7.4.33"
10.11.0.7 - - [27/Jan/2023:16:00:19 +0000] "GET /api/v1/emissor/carteira HTTP/1.1" 200 600 "-" "GuzzleHttp/6.5.5 curl/7.74.0 PHP/7.4.33"
10.11.0.7 - - [27/Jan/2023:16:04:28 +0000] "GET /api/v1/extratos HTTP/1.1" 200 7245 "-" "GuzzleHttp/6.5.5 curl/7.74.0 PHP/7.4.33"
10.11.0.7 - - [27/Jan/2023:16:05:16 +0000] "GET /api/v1/emissor/carteira HTTP/1.1" 200 542 "-" "GuzzleHttp/6.5.5 curl/7.74.0 PHP/7.4.33"
10.11.0.7 - - [27/Jan/2023:16:05:16 +0000] "GET /api/v1/extratos HTTP/1.1" 200 7245 "-" "GuzzleHttp/6.5.5 curl/7.74.0 PHP/7.4.33"
10.11.0.7 - - [27/Jan/2023:16:05:27 +0000] "GET /api/v1/extratos/buscarPorInvestidor?investidor=34461914000171&ativo=10691_MEZ&data_inicio=2022-12-01&data_fim=2022-12-21&emissor%5B0%5D=39883874000170&emissor%5B1%5D=43616501000100&emissor%5B2%5D=44625694000128&emissor%5B3%5D=02332886000104&emissor%5B4%5D=35755232000134&emissor%5B5%5D=32000013000157&emissor%5B6%5D=20748515000181&emissor%5B7%5D=31823563000103&emissor%5B8%5D=34232046000158&emissor%5B9%5D=17588142000114&emissor%5B10%5D=26287908000111 HTTP/1.1" 200 79 "-" "GuzzleHttp/6.5.5 curl/7.74.0 PHP/7.4.33"
10.11.0.7 - - [27/Jan/2023:16:06:04 +0000] "GET /api/v1/extratos/buscarPorInvestidor?investidor=34461914000171&ativo=10691_MEZ&data_inicio=2022-12-01&data_fim=2022-12-21&emissor%5B0%5D=39883874000170&emissor%5B1%5D=43616501000100&emissor%5B2%5D=44625694000128&emissor%5B3%5D=02332886000104&emissor%5B4%5D=35755232000134&emissor%5B5%5D=32000013000157&emissor%5B6%5D=20748515000181&emissor%5B7%5D=31823563000103&emissor%5B8%5D=34232046000158&emissor%5B9%5D=17588142000114&emissor%5B10%5D=26287908000111 HTTP/1.1" 200 79 "-" "GuzzleHttp/6.5.5 curl/7.74.0 PHP/7.4.33"
10.11.0.3 - - [27/Jan/2023:16:06:37 +0000] "GET /api/v1/extratos/buscarPorInvestidor?investidor=34461914000171&ativo=10691_MEZ&data_inicio=2022-12-01&data_fim=2022-12-21&emissor%5B0%5D=39883874000170&emissor%5B1%5D=43616501000100&emissor%5B2%5D=44625694000128&emissor%5B3%5D=02332886000104&emissor%5B4%5D=35755232000134&emissor%5B5%5D=32000013000157&emissor%5B6%5D=20748515000181&emissor%5B7%5D=31823563000103&emissor%5B8%5D=34232046000158&emissor%5B9%5D=17588142000114&emissor%5B10%5D=26287908000111 HTTP/1.0" 200 68 "-" "Mozilla/5.0 (Windows NT 10.0; Win64; x64) AppleWebKit/537.36 (KHTML, like Gecko) Chrome/108.0.0.0 Safari/537.36 OPR/94.0.0.0 (Edition std-1)"
10.11.0.3 - - [27/Jan/2023:16:06:45 +0000] "GET /favicon.ico HTTP/1.0" 404 81345 "http://api-investidor.localhost/api/v1/extratos/buscarPorInvestidor?investidor=34461914000171&ativo=10691_MEZ&data_inicio=2022-12-01&data_fim=2022-12-21&emissor%5B0%5D=39883874000170&emissor%5B1%5D=43616501000100&emissor%5B2%5D=44625694000128&emissor%5B3%5D=02332886000104&emissor%5B4%5D=35755232000134&emissor%5B5%5D=32000013000157&emissor%5B6%5D=20748515000181&emissor%5B7%5D=31823563000103&emissor%5B8%5D=34232046000158&emissor%5B9%5D=17588142000114&emissor%5B10%5D=26287908000111" "Mozilla/5.0 (Windows NT 10.0; Win64; x64) AppleWebKit/537.36 (KHTML, like Gecko) Chrome/108.0.0.0 Safari/537.36 OPR/94.0.0.0 (Edition std-1)"
10.11.0.3 - - [27/Jan/2023:16:14:24 +0000] "GET /api/v1/extratos/buscarPorInvestidor HTTP/1.0" 200 68 "-" "PostmanRuntime/7.30.0"
10.11.0.3 - - [27/Jan/2023:16:20:53 +0000] "GET /api/v1/extratos/buscarPorInvestidor HTTP/1.0" 500 17140 "-" "PostmanRuntime/7.30.0"
10.11.0.3 - - [27/Jan/2023:16:21:25 +0000] "GET /api/v1/extratos/buscarPorInvestidor HTTP/1.0" 500 17142 "-" "PostmanRuntime/7.30.0"
10.11.0.3 - - [27/Jan/2023:16:21:56 +0000] "GET /api/v1/extratos/buscarPorInvestidor HTTP/1.0" 200 601 "-" "PostmanRuntime/7.30.0"
10.11.0.7 - - [27/Jan/2023:16:22:56 +0000] "GET /api/v1/extratos/buscarPorInvestidor?investidor=34461914000171&ativo=10691_MEZ&data_inicio=2022-12-01&data_fim=2022-12-21&emissor%5B0%5D=39883874000170&emissor%5B1%5D=43616501000100&emissor%5B2%5D=44625694000128&emissor%5B3%5D=02332886000104&emissor%5B4%5D=35755232000134&emissor%5B5%5D=32000013000157&emissor%5B6%5D=20748515000181&emissor%5B7%5D=31823563000103&emissor%5B8%5D=34232046000158&emissor%5B9%5D=17588142000114&emissor%5B10%5D=26287908000111 HTTP/1.1" 200 613 "-" "GuzzleHttp/6.5.5 curl/7.74.0 PHP/7.4.33"
10.11.0.3 - - [27/Jan/2023:16:24:34 +0000] "GET /api/v1/god_mod/extratos_importar?data_inicial=2022-12-21&data_final=2022-12-21&emissores=17.588.142/0001-14,31.823.563/0001-03,34.232.046/0001-58,20.748.515/0001-81,32.000.013/0001-57,35.755.232/0001-34,22.802.113/0001-43,35.755.232/0001-34,44.625.694/0001-28,19.436.424/0001-21 HTTP/1.0" 200 1 "-" "PostmanRuntime/7.30.0"
10.11.0.7 - - [27/Jan/2023:16:31:31 +0000] "GET /api/v1/extratos/buscarPorInvestidor?investidor=34461914000171&ativo=10691_MEZ&data_inicio=2022-12-01&data_fim=2022-12-21&emissor%5B0%5D=39883874000170&emissor%5B1%5D=43616501000100&emissor%5B2%5D=44625694000128&emissor%5B3%5D=02332886000104&emissor%5B4%5D=35755232000134&emissor%5B5%5D=32000013000157&emissor%5B6%5D=20748515000181&emissor%5B7%5D=31823563000103&emissor%5B8%5D=34232046000158&emissor%5B9%5D=17588142000114&emissor%5B10%5D=26287908000111 HTTP/1.1" 200 79 "-" "GuzzleHttp/6.5.5 curl/7.74.0 PHP/7.4.33"
10.11.0.7 - - [27/Jan/2023:16:32:01 +0000] "GET /api/v1/emissor/carteira HTTP/1.1" 500 78 "-" "GuzzleHttp/6.5.5 curl/7.74.0 PHP/7.4.33"
10.11.0.7 - - [27/Jan/2023:16:32:05 +0000] "GET /api/v1/extratos HTTP/1.1" 200 645 "-" "GuzzleHttp/6.5.5 curl/7.74.0 PHP/7.4.33"
10.11.0.7 - - [27/Jan/2023:16:32:43 +0000] "GET /api/v1/emissor/carteira HTTP/1.1" 200 2347 "-" "GuzzleHttp/6.5.5 curl/7.74.0 PHP/7.4.33"
10.11.0.3 - - [27/Jan/2023:16:33:49 +0000] "GET /api/v1/god_mod/extratos_importar?data_inicial=2022-12-21&data_final=2022-12-21&emissores=39.883.874/0001-70,43.616.501/0001-00,44.625.694/0001-28,02.332.886/0001-04,35.755.232/0001-34,32.000.013/0001-57,20.748.515/0001-81,31.823.563/0001-03,34.232.046/0001-58,17.588.142/0001-14%0A HTTP/1.0" 200 1 "-" "PostmanRuntime/7.30.0"
10.11.0.3 - - [27/Jan/2023:16:35:05 +0000] "GET /api/v1/god_mod/extratos_importar?data_inicial=2022-12-21&data_final=2022-12-21&emissores=39.883.874/0001-70,43.616.501/0001-00,44.625.694/0001-28,02.332.886/0001-04,35.755.232/0001-34,32.000.013/0001-57,20.748.515/0001-81,31.823.563/0001-03,34.232.046/0001-58,17.588.142/0001-14,26.287.908/0001-11%0A HTTP/1.0" 200 1 "-" "PostmanRuntime/7.30.0"
10.11.0.3 - - [27/Jan/2023:16:36:12 +0000] "GET /api/v1/god_mod/extratos_importar?data_inicial=2022-12-21&data_final=2022-12-21&emissores=39.883.874/0001-70,43.616.501/0001-00,44.625.694/0001-28,02.332.886/0001-04,35.755.232/0001-34,32.000.013/0001-57,20.748.515/0001-81,31.823.563/0001-03,34.232.046/0001-58,17.588.142/0001-14,26.287.908/0001-11%0A HTTP/1.0" 200 1 "-" "PostmanRuntime/7.30.0"
10.11.0.3 - - [27/Jan/2023:16:43:27 +0000] "GET /api/v1/god_mod/consolida-extratos-do-dia?data=2022-12-21 HTTP/1.0" 200 1 "-" "PostmanRuntime/7.30.0"
10.11.0.7 - - [27/Jan/2023:16:44:13 +0000] "GET /api/v1/emissor/carteira HTTP/1.1" 200 15637 "-" "GuzzleHttp/6.5.5 curl/7.74.0 PHP/7.4.33"
10.11.0.7 - - [27/Jan/2023:16:44:35 +0000] "GET /api/v1/extratos HTTP/1.1" 200 645 "-" "GuzzleHttp/6.5.5 curl/7.74.0 PHP/7.4.33"
10.11.0.7 - - [27/Jan/2023:16:44:36 +0000] "GET /api/v1/emissor/carteira HTTP/1.1" 200 606 "-" "GuzzleHttp/6.5.5 curl/7.74.0 PHP/7.4.33"
10.11.0.3 - - [27/Jan/2023:16:45:54 +0000] "GET /api/v1/extratos/buscarPorInvestidor HTTP/1.0" 200 68 "-" "PostmanRuntime/7.30.0"
10.11.0.3 - - [27/Jan/2023:16:48:27 +0000] "GET /api/v1/emissor/investidores HTTP/1.0" 404 81345 "-" "PostmanRuntime/7.30.0"
10.11.0.3 - - [27/Jan/2023:16:49:23 +0000] "GET /api/v1/extratos HTTP/1.0" 200 633 "-" "PostmanRuntime/7.30.0"
10.11.0.3 - - [27/Jan/2023:16:51:05 +0000] "GET /api/v1/extratos HTTP/1.0" 500 18725 "-" "PostmanRuntime/7.30.0"
10.11.0.3 - - [27/Jan/2023:16:51:45 +0000] "GET /api/v1/extratos HTTP/1.0" 500 19086 "-" "PostmanRuntime/7.30.0"
10.11.0.3 - - [27/Jan/2023:16:52:42 +0000] "GET /api/v1/extratos HTTP/1.0" 500 19088 "-" "PostmanRuntime/7.30.0"
10.11.0.3 - - [27/Jan/2023:16:52:53 +0000] "GET /api/v1/extratos HTTP/1.0" 200 3410 "-" "PostmanRuntime/7.30.0"
10.11.0.7 - - [27/Jan/2023:16:53:30 +0000] "GET /api/v1/extratos HTTP/1.1" 200 3422 "-" "GuzzleHttp/6.5.5 curl/7.74.0 PHP/7.4.33"
10.11.0.7 - - [27/Jan/2023:16:54:01 +0000] "GET /api/v1/extratos HTTP/1.1" 200 3422 "-" "GuzzleHttp/6.5.5 curl/7.74.0 PHP/7.4.33"
10.11.0.7 - - [27/Jan/2023:16:54:01 +0000] "GET /api/v1/emissor/carteira HTTP/1.1" 200 606 "-" "GuzzleHttp/6.5.5 curl/7.74.0 PHP/7.4.33"
10.11.0.7 - - [27/Jan/2023:16:54:15 +0000] "GET /api/v1/extratos/buscarPorInvestidor?investidor=23034819000175&ativo=5002367&data_inicio=2022-12-01&data_fim=2022-12-21&emissor%5B0%5D=39883874000170&emissor%5B1%5D=43616501000100&emissor%5B2%5D=44625694000128&emissor%5B3%5D=02332886000104&emissor%5B4%5D=35755232000134&emissor%5B5%5D=32000013000157&emissor%5B6%5D=20748515000181&emissor%5B7%5D=31823563000103&emissor%5B8%5D=34232046000158&emissor%5B9%5D=17588142000114&emissor%5B10%5D=26287908000111 HTTP/1.1" 200 646 "-" "GuzzleHttp/6.5.5 curl/7.74.0 PHP/7.4.33"
10.11.0.7 - - [27/Jan/2023:16:55:08 +0000] "GET /api/v1/emissor/carteira HTTP/1.1" 200 15631 "-" "GuzzleHttp/6.5.5 curl/7.74.0 PHP/7.4.33"
10.11.0.3 - - [27/Jan/2023:17:00:17 +0000] "GET /api/v1/god_mod/extratos_importar?data_inicial=2022-12-21&data_final=2022-12-21&emissores=08.827.501/0001-58 HTTP/1.0" 200 1 "-" "PostmanRuntime/7.30.0"
10.11.0.7 - - [27/Jan/2023:17:03:24 +0000] "GET /api/v1/emissor/carteira HTTP/1.1" 200 17651 "-" "GuzzleHttp/6.5.5 curl/7.74.0 PHP/7.4.33"
10.11.0.7 - - [27/Jan/2023:17:03:46 +0000] "GET /api/v1/emissor/carteira HTTP/1.1" 200 515 "-" "GuzzleHttp/6.5.5 curl/7.74.0 PHP/7.4.33"
10.11.0.7 - - [27/Jan/2023:17:03:47 +0000] "GET /api/v1/extratos HTTP/1.1" 200 15253 "-" "GuzzleHttp/6.5.5 curl/7.74.0 PHP/7.4.33"
10.11.0.7 - - [27/Jan/2023:17:03:57 +0000] "GET /api/v1/extratos/buscarPorInvestidor?investidor=09720734000110&ativo=5009601&data_inicio=2022-12-01&data_fim=2022-12-21&emissor%5B0%5D=39883874000170&emissor%5B1%5D=43616501000100&emissor%5B2%5D=44625694000128&emissor%5B3%5D=02332886000104&emissor%5B4%5D=35755232000134&emissor%5B5%5D=32000013000157&emissor%5B6%5D=20748515000181&emissor%5B7%5D=31823563000103&emissor%5B8%5D=34232046000158&emissor%5B9%5D=17588142000114&emissor%5B10%5D=26287908000111&emissor%5B11%5D=08827501000158 HTTP/1.1" 200 584 "-" "GuzzleHttp/6.5.5 curl/7.74.0 PHP/7.4.33"
10.11.0.7 - - [27/Jan/2023:17:09:17 +0000] "GET /api/v1/extratos/buscarPorInvestidor?data_inicio=2023-01-01&data_fim=2023-01-31&investidor=00360305000104 HTTP/1.1" 200 79 "-" "GuzzleHttp/6.5.5 curl/7.74.0 PHP/7.4.33"
10.11.0.7 - - [27/Jan/2023:17:15:44 +0000] "GET /api/v1/extratos/buscarPorInvestidor?investidor=29044189000104&ativo=5009601&data_inicio=2022-12-01&data_fim=2022-12-21&emissor%5B0%5D=39883874000170&emissor%5B1%5D=43616501000100&emissor%5B2%5D=44625694000128&emissor%5B3%5D=02332886000104&emissor%5B4%5D=35755232000134&emissor%5B5%5D=32000013000157&emissor%5B6%5D=20748515000181&emissor%5B7%5D=31823563000103&emissor%5B8%5D=34232046000158&emissor%5B9%5D=17588142000114&emissor%5B10%5D=26287908000111&emissor%5B11%5D=08827501000158 HTTP/1.1" 200 588 "-" "GuzzleHttp/6.5.5 curl/7.74.0 PHP/7.4.33"
10.11.0.7 - - [27/Jan/2023:17:16:37 +0000] "GET /api/v1/extratos/buscarPorInvestidor?investidor=29044189000104&ativo=5009601&data_inicio=2022-12-01&data_fim=2022-12-21&emissor%5B0%5D=39883874000170&emissor%5B1%5D=43616501000100&emissor%5B2%5D=44625694000128&emissor%5B3%5D=02332886000104&emissor%5B4%5D=35755232000134&emissor%5B5%5D=32000013000157&emissor%5B6%5D=20748515000181&emissor%5B7%5D=31823563000103&emissor%5B8%5D=34232046000158&emissor%5B9%5D=17588142000114&emissor%5B10%5D=26287908000111&emissor%5B11%5D=08827501000158 HTTP/1.1" 200 588 "-" "GuzzleHttp/6.5.5 curl/7.74.0 PHP/7.4.33"
10.11.0.7 - - [27/Jan/2023:17:17:19 +0000] "GET /api/v1/extratos/buscarPorInvestidor?investidor=29044189000104&ativo=5009601&data_inicio=2022-12-01&data_fim=2022-12-21&emissor%5B0%5D=39883874000170&emissor%5B1%5D=43616501000100&emissor%5B2%5D=44625694000128&emissor%5B3%5D=02332886000104&emissor%5B4%5D=35755232000134&emissor%5B5%5D=32000013000157&emissor%5B6%5D=20748515000181&emissor%5B7%5D=31823563000103&emissor%5B8%5D=34232046000158&emissor%5B9%5D=17588142000114&emissor%5B10%5D=26287908000111&emissor%5B11%5D=08827501000158 HTTP/1.1" 200 588 "-" "GuzzleHttp/6.5.5 curl/7.74.0 PHP/7.4.33"
10.11.0.7 - - [27/Jan/2023:17:18:10 +0000] "GET /api/v1/extratos/buscarPorInvestidor?investidor=29044189000104&ativo=5009601&data_inicio=2022-12-01&data_fim=2022-12-21&emissor%5B0%5D=39883874000170&emissor%5B1%5D=43616501000100&emissor%5B2%5D=44625694000128&emissor%5B3%5D=02332886000104&emissor%5B4%5D=35755232000134&emissor%5B5%5D=32000013000157&emissor%5B6%5D=20748515000181&emissor%5B7%5D=31823563000103&emissor%5B8%5D=34232046000158&emissor%5B9%5D=17588142000114&emissor%5B10%5D=26287908000111&emissor%5B11%5D=08827501000158 HTTP/1.1" 200 588 "-" "GuzzleHttp/6.5.5 curl/7.74.0 PHP/7.4.33"
